5.9772
5.9854
6.0207
6.0289
6.0289
6.0342
6.0371
6.0424
6.0424
6.0506
6.0506
6.0560
6.0588
6.0588
6.0695
6.0724
6.0724
6.0724
6.0777
6.0777
6.0777
6.0806
6.0806
6.0859
6.0859
6.0859
6.0859
6.0859
6.0859
6.0888
6.0888
6.0941
6.0941
6.0941
6.0941
6.0941
6.0941
6.0941
6.0941
6.0941
6.0994
6.0994
6.1023
6.1023
6.1023
6.1023
6.1023
6.1076
6.1076
6.1076
6.1076
6.1076
6.1076
6.1076
6.1076
6.1076
6.1105
6.1105
6.1105
6.1158
6.1158
6.1158
6.1158
6.1158
6.1158
6.1158
6.1158
6.1158
6.1158
6.1158
6.1158
6.1212
6.1241
6.1241
6.1241
6.1241
6.1241
6.1241
6.1241
6.1241
6.1241
6.1241
6.1241
6.1294
6.1294
6.1294
6.1294
6.1294
6.1294
6.1294
6.1294
6.1294
6.1323
6.1323
6.1323
6.1323
6.1376
6.1376
6.1376
6.1376
6.1376
6.1376
6.1376
6.1376
6.1376
6.1376
6.1376
6.1376
6.1376
6.1376
6.1429
6.1429
6.1429
6.1458
6.1458
6.1458
6.1458
6.1458
6.1458
6.1458
6.1458
6.1458
6.1458
6.1458
6.1458
6.1458
6.1511
6.1511
6.1511
6.1511
6.1511
6.1511
6.1540
6.1540
6.1540
6.1540
6.1540
6.1540
6.1540
6.1540
6.1540
6.1540
6.1540
6.1540
6.1564
6.1593
6.1593
6.1593
6.1593
6.1593
6.1593
6.1593
6.1593
6.1593
6.1593
6.1593
6.1593
6.1593
6.1593
6.1593
6.1593
6.1593
6.1593
6.1647
6.1647
6.1675
6.1675
6.1675
6.1675
6.1675
6.1675
6.1675
6.1675
6.1675
6.1675
6.1675
6.1675
6.1675
6.1675
6.1675
6.1675
6.1675
6.1675
6.1675
6.1729
6.1729
6.1729
6.1729
6.1729
6.1729
6.1729
6.1757
6.1757
6.1757
6.1757
6.1757
6.1757
6.1811
6.1811
6.1811
6.1811
6.1811
6.1811
6.1811
6.1811
6.1811
6.1811
6.1811
6.1811
6.1811
6.1864
6.1893
6.1893
6.1893
6.1893
6.1893
6.1893
6.1893
6.1893
6.1893
6.1893
6.1893
6.1893
6.1893
6.1893
6.1893
6.1893
6.1946
6.1946
6.1975
6.1975
6.1975
6.1975
6.1975
6.1975
6.1975
6.1975
6.1975
6.1975
6.2017
6.2028
6.2028
6.2028
6.2028
6.2028
6.2028
6.2028
6.2028
6.2028
6.2028
6.2028
6.2028
6.2028
6.2028
6.2028
6.2028
6.2028
6.2110
6.2110
6.2110
6.2110
6.2110
6.2110
6.2110
6.2110
6.2110
6.2110
6.2110
6.2110
6.2110
6.2110
6.2110
6.2110
6.2110
6.2110
6.2110
6.2110
6.2110
6.2110
6.2110
6.2110
6.2110
6.2110
6.2110
6.2110
6.2110
6.2110
6.2163
6.2163
6.2192
6.2192
6.2192
6.2192
6.2192
6.2192
6.2192
6.2192
6.2192
6.2192
6.2192
6.2192
6.2192
6.2192
6.2192
6.2192
6.2192
6.2192
6.2192
6.2192
6.2192
6.2192
6.2192
6.2192
6.2192
6.2192
6.2245
6.2245
6.2245
6.2245
6.2245
6.2245
6.2245
6.2245
6.2245
6.2245
6.2327
6.2327
6.2327
6.2327
6.2327
6.2327
6.2327
6.2327
6.2327
6.2327
6.2327
6.2327
6.2327
6.2327
6.2327
6.2327
6.2327
6.2327
6.2327
6.2327
6.2327
6.2327
6.2327
6.2327
6.2381
6.2381
6.2381
6.2410
6.2410
6.2410
6.2410
6.2410
6.2410
6.2410
6.2410
6.2410
6.2410
6.2410
6.2410
6.2410
6.2410
6.2410
6.2463
6.2463
6.2463
6.2463
6.2463
6.2463
6.2463
6.2463
6.2463
6.2463
6.2545
6.2545
6.2545
6.2545
6.2545
6.2545
6.2545
6.2545
6.2545
6.2545
6.2545
6.2545
6.2545
6.2545
6.2545
6.2545
6.2545
6.2545
6.2545
6.2545
6.2598
6.2627
6.2627
6.2627
6.2627
6.2627
6.2627
6.2627
6.2627
6.2627
6.2627
6.2627
6.2627
6.2627
6.2627
6.2680
6.2680
6.2680
6.2680
6.2680
6.2680
6.2762
6.2762
6.2762
6.2762
6.2762
6.2762
6.2762
6.2762
6.2762
6.2762
6.2762
6.2762
6.2762
6.2762
6.2762
6.2762
6.2762
6.2762
6.2844
6.2844
6.2844
6.2844
6.2844
6.2844
6.2844
6.2844
6.2844
6.2844
6.2898
6.2980
6.2980
6.2980
6.2980
6.2980
6.2980
6.2980
6.3062
6.3062
6.3062
6.3062
6.3062
6.3062
6.3197
6.3197
6.3279
6.3279
6.3279
6.3414
6.3414
6.3414
6.3414
6.3496
6.3496
6.3849
6.3931
