6.2401
6.5109
6.5175
6.5335
6.5413
6.5437
6.5437
6.5470
6.5488
6.5506
6.5650
6.5656
6.5656
6.5668
6.5674
6.5716
6.5725
6.5758
6.5774
6.5785
6.5792
6.5792
6.5807
6.5809
6.5843
6.5843
6.5858
6.5860
6.5862
6.5876
6.5876
6.5876
6.5876
6.5894
6.5945
6.5945
6.5971
6.5978
6.5978
6.5993
6.6011
6.6011
6.6029
6.6055
6.6055
6.6062
6.6073
6.6088
6.6095
6.6095
6.6113
6.6131
6.6139
6.6164
6.6164
6.6197
6.6197
6.6197
6.6197
6.6197
6.6197
6.6215
6.6215
6.6248
6.6248
6.6248
6.6266
6.6266
6.6266
6.6281
6.6281
6.6292
6.6299
6.6299
6.6299
6.6299
6.6299
6.6299
6.6314
6.6325
6.6325
6.6332
6.6332
6.6332
6.6332
6.6350
6.6350
6.6365
6.6383
6.6383
6.6383
6.6383
6.6383
6.6383
6.6383
6.6401
6.6401
6.6401
6.6401
6.6416
6.6416
6.6427
6.6427
6.6434
6.6434
6.6434
6.6434
6.6434
6.6434
6.6434
6.6434
6.6452
6.6467
6.6467
6.6467
6.6485
6.6485
6.6485
6.6500
6.6500
6.6518
6.6518
6.6518
6.6518
6.6518
6.6518
6.6518
6.6518
6.6518
6.6518
6.6518
6.6536
6.6536
6.6536
6.6551
6.6551
6.6569
6.6569
6.6569
6.6569
6.6569
6.6569
6.6569
6.6569
6.6569
6.6587
6.6602
6.6602
6.6602
6.6620
6.6620
6.6620
6.6620
6.6620
6.6620
6.6620
6.6620
6.6653
6.6653
6.6653
6.6653
6.6653
6.6653
6.6653
6.6653
6.6653
6.6671
6.6686
6.6686
6.6704
6.6704
6.6704
6.6704
6.6704
6.6704
6.6704
6.6704
6.6704
6.6722
6.6722
6.6722
6.6722
6.6737
6.6737
6.6737
6.6737
6.6737
6.6737
6.6755
6.6755
6.6755
6.6755
6.6755
6.6764
6.6782
6.6788
6.6788
6.6788
6.6788
6.6788
6.6788
6.6788
6.6788
6.6788
6.6788
6.6788
6.6788
6.6788
6.6806
6.6806
6.6806
6.6806
6.6806
6.6822
6.6833
6.6840
6.6840
6.6840
6.6840
6.6840
6.6840
6.6840
6.6840
6.6840
6.6840
6.6840
6.6857
6.6857
6.6857
6.6857
6.6873
6.6873
6.6873
6.6873
6.6891
6.6891
6.6891
6.6891
6.6891
6.6891
6.6891
6.6906
6.6924
6.6924
6.6924
6.6924
6.6924
6.6924
6.6942
6.6942
6.6942
6.6942
6.6942
6.6942
6.6942
6.6957
6.6957
6.6975
6.6975
6.6975
6.6975
6.6975
6.6975
6.6975
6.6975
6.6975
6.6975
6.6993
6.6993
6.6993
6.7001
6.7001
6.7008
6.7008
6.7026
6.7044
6.7052
6.7052
6.7059
6.7059
6.7059
6.7059
6.7059
6.7059
6.7077
6.7077
6.7077
6.7077
6.7077
6.7077
6.7103
6.7103
6.7110
6.7110
6.7110
6.7110
6.7110
6.7110
6.7110
6.7110
6.7110
6.7110
6.7128
6.7128
6.7128
6.7154
6.7161
6.7161
6.7161
6.7161
6.7161
6.7161
6.7161
6.7161
6.7161
6.7161
6.7179
6.7187
6.7194
6.7194
6.7194
6.7194
6.7194
6.7212
6.7212
6.7245
6.7245
6.7245
6.7245
6.7245
6.7245
6.7245
6.7245
6.7245
6.7245
6.7245
6.7263
6.7263
6.7263
6.7263
6.7263
6.7278
6.7289
6.7296
6.7296
6.7296
6.7296
6.7296
6.7296
6.7314
6.7314
6.7329
6.7329
6.7329
6.7329
6.7329
6.7329
6.7329
6.7347
6.7347
6.7380
6.7380
6.7380
6.7380
6.7380
6.7398
6.7398
6.7398
6.7413
6.7413
6.7424
6.7431
6.7431
6.7431
6.7431
6.7431
6.7431
6.7431
6.7464
6.7464
6.7482
6.7482
6.7482
6.7482
6.7482
6.7482
6.7482
6.7508
6.7515
6.7515
6.7515
6.7515
6.7559
6.7566
6.7566
6.7566
6.7566
6.7566
6.7566
6.7566
6.7584
6.7584
6.7617
6.7617
6.7617
6.7617
6.7617
6.7617
6.7617
6.7650
6.7650
6.7650
6.7650
6.7668
6.7668
6.7668
6.7668
6.7701
6.7701
6.7701
6.7701
6.7701
6.7701
6.7734
6.7734
6.7752
6.7752
6.7752
6.7785
6.7785
6.7785
6.7785
6.7803
6.7803
6.7803
6.7803
6.7803
6.7803
6.7836
6.7836
6.7836
6.7836
6.7854
6.7854
6.7887
6.7887
6.7887
6.7905
6.7921
6.7921
6.7972
6.7972
6.7972
6.7989
6.8023
6.8023
6.8023
6.8023
6.8023
6.8056
6.8074
6.8074
6.8074
6.8107
6.8158
6.8158
6.8209
6.8311
6.8377
6.8395
6.8428
6.8563
6.8665
