6.5457
6.5481
6.5481
6.5490
6.5539
6.5559
6.5559
6.5566
6.5566
6.5582
6.5618
6.5618
6.5618
6.5651
6.5651
6.5651
6.5702
6.5736
6.5754
6.5787
6.5798
6.5838
6.5838
6.5865
6.5872
6.5872
6.5890
6.5890
6.5890
6.5890
6.5890
6.5890
6.5923
6.5941
6.5956
6.5974
6.5974
6.5992
6.6008
6.6026
6.6026
6.6059
6.6059
6.6059
6.6104
6.6110
6.6110
6.6110
6.6110
6.6110
6.6110
6.6110
6.6128
6.6128
6.6134
6.6144
6.6162
6.6162
6.6162
6.6162
6.6177
6.6180
6.6188
6.6195
6.6195
6.6213
6.6213
6.6222
6.6231
6.6240
6.6246
6.6246
6.6246
6.6246
6.6246
6.6246
6.6246
6.6246
6.6246
6.6246
6.6246
6.6246
6.6264
6.6264
6.6280
6.6280
6.6298
6.6298
6.6298
6.6298
6.6298
6.6298
6.6316
6.6316
6.6316
6.6324
6.6331
6.6331
6.6331
6.6349
6.6349
6.6349
6.6364
6.6364
6.6376
6.6382
6.6382
6.6382
6.6382
6.6382
6.6400
6.6409
6.6416
6.6416
6.6416
6.6427
6.6434
6.6434
6.6434
6.6434
6.6434
6.6434
6.6434
6.6434
6.6434
6.6434
6.6452
6.6467
6.6467
6.6467
6.6485
6.6485
6.6485
6.6485
6.6485
6.6485
6.6485
6.6485
6.6519
6.6519
6.6519
6.6519
6.6519
6.6519
6.6519
6.6519
6.6537
6.6537
6.6537
6.6537
6.6563
6.6570
6.6570
6.6570
6.6570
6.6570
6.6570
6.6570
6.6588
6.6603
6.6603
6.6614
6.6614
6.6621
6.6621
6.6621
6.6648
6.6655
6.6655
6.6655
6.6673
6.6673
6.6673
6.6673
6.6673
6.6681
6.6688
6.6706
6.6706
6.6706
6.6706
6.6706
6.6706
6.6706
6.6706
6.6724
6.6733
6.6739
6.6739
6.6739
6.6739
6.6739
6.6751
6.6757
6.6757
6.6757
6.6757
6.6757
6.6757
6.6773
6.6775
6.6791
6.6791
6.6791
6.6791
6.6791
6.6809
6.6809
6.6809
6.6809
6.6809
6.6809
6.6824
6.6824
6.6835
6.6835
6.6835
6.6842
6.6842
6.6842
6.6842
6.6842
6.6842
6.6860
6.6869
6.6875
6.6875
6.6875
6.6893
6.6893
6.6893
6.6893
6.6893
6.6893
6.6893
6.6893
6.6927
6.6927
6.6927
6.6927
6.6927
6.6927
6.6945
6.6945
6.6945
6.6945
6.6945
6.6945
6.6945
6.6945
6.6945
6.6945
6.6945
6.6945
6.6945
6.6945
6.6978
6.6978
6.6978
6.6978
6.6996
6.6996
6.6996
6.6996
6.6996
6.6996
6.6996
6.7005
6.7011
6.7011
6.7011
6.7011
6.7029
6.7029
6.7029
6.7029
6.7029
6.7029
6.7029
6.7029
6.7047
6.7056
6.7063
6.7063
6.7063
6.7081
6.7081
6.7081
6.7081
6.7081
6.7081
6.7081
6.7081
6.7096
6.7107
6.7114
6.7114
6.7114
6.7114
6.7114
6.7114
6.7114
6.7114
6.7114
6.7114
6.7132
6.7132
6.7132
6.7132
6.7147
6.7165
6.7165
6.7165
6.7165
6.7165
6.7165
6.7165
6.7165
6.7165
6.7183
6.7183
6.7185
6.7199
6.7199
6.7199
6.7199
6.7217
6.7217
6.7217
6.7217
6.7250
6.7250
6.7250
6.7250
6.7250
6.7268
6.7268
6.7268
6.7268
6.7284
6.7302
6.7302
6.7302
6.7302
6.7302
6.7302
6.7302
6.7320
6.7335
6.7335
6.7353
6.7353
6.7353
6.7353
6.7353
6.7353
6.7353
6.7353
6.7353
6.7353
6.7353
6.7386
6.7386
6.7386
6.7386
6.7386
6.7404
6.7420
6.7438
6.7438
6.7438
6.7438
6.7456
6.7471
6.7471
6.7489
6.7489
6.7489
6.7489
6.7489
6.7489
6.7489
6.7489
6.7504
6.7522
6.7522
6.7522
6.7522
6.7522
6.7522
6.7522
6.7540
6.7540
6.7540
6.7556
6.7574
6.7574
6.7574
6.7607
6.7625
6.7625
6.7625
6.7625
6.7625
6.7625
6.7625
6.7625
6.7625
6.7658
6.7658
6.7658
6.7658
6.7658
6.7658
6.7676
6.7676
6.7676
6.7676
6.7676
6.7676
6.7692
6.7710
6.7710
6.7710
6.7728
6.7728
6.7728
6.7728
6.7728
6.7761
6.7794
6.7812
6.7812
6.7812
6.7846
6.7846
6.7846
6.7846
6.7846
6.7846
6.7846
6.7846
6.7897
6.7897
6.7897
6.7897
6.7897
6.7915
6.7930
6.7948
6.7948
6.7982
6.7982
6.7982
6.8000
6.8033
6.8033
6.8033
6.8051
6.8066
6.8084
6.8084
6.8084
6.8221
6.8272
6.8305
6.8408
6.8441
6.8493
6.8493
6.8544
6.8680
6.8765
