6.7937
6.8424
6.8509
6.8542
6.8634
6.8640
6.8666
6.8671
6.8682
6.8690
6.8706
6.8765
6.8800
6.8826
6.8842
6.8879
6.8916
6.8973
6.8973
6.9015
6.9028
6.9028
6.9028
6.9034
6.9039
6.9052
6.9058
6.9063
6.9084
6.9084
6.9089
6.9102
6.9109
6.9114
6.9146
6.9146
6.9146
6.9151
6.9151
6.9159
6.9162
6.9164
6.9170
6.9175
6.9175
6.9175
6.9175
6.9177
6.9181
6.9183
6.9199
6.9199
6.9207
6.9212
6.9218
6.9236
6.9249
6.9260
6.9262
6.9273
6.9282
6.9286
6.9293
6.9298
6.9311
6.9324
6.9324
6.9325
6.9335
6.9335
6.9335
6.9343
6.9348
6.9348
6.9348
6.9356
6.9359
6.9372
6.9372
6.9378
6.9380
6.9385
6.9386
6.9391
6.9398
6.9404
6.9409
6.9409
6.9409
6.9409
6.9415
6.9415
6.9417
6.9420
6.9428
6.9433
6.9433
6.9446
6.9446
6.9446
6.9446
6.9446
6.9459
6.9459
6.9466
6.9470
6.9476
6.9483
6.9483
6.9483
6.9483
6.9483
6.9490
6.9497
6.9503
6.9503
6.9514
6.9516
6.9517
6.9522
6.9527
6.9532
6.9540
6.9540
6.9540
6.9545
6.9545
6.9545
6.9545
6.9558
6.9564
6.9569
6.9569
6.9569
6.9569
6.9572
6.9577
6.9582
6.9582
6.9582
6.9582
6.9582
6.9593
6.9593
6.9601
6.9601
6.9606
6.9606
6.9606
6.9606
6.9619
6.9619
6.9632
6.9638
6.9643
6.9643
6.9643
6.9643
6.9643
6.9643
6.9651
6.9654
6.9656
6.9656
6.9663
6.9663
6.9667
6.9669
6.9671
6.9676
6.9676
6.9681
6.9681
6.9681
6.9681
6.9682
6.9692
6.9695
6.9700
6.9705
6.9705
6.9705
6.9705
6.9708
6.9713
6.9718
6.9718
6.9731
6.9737
6.9742
6.9742
6.9742
6.9742
6.9750
6.9750
6.9750
6.9755
6.9755
6.9755
6.9755
6.9766
6.9766
6.9766
6.9768
6.9774
6.9774
6.9774
6.9779
6.9779
6.9779
6.9779
6.9790
6.9792
6.9792
6.9792
6.9792
6.9798
6.9803
6.9803
6.9803
6.9803
6.9803
6.9803
6.9816
6.9816
6.9816
6.9816
6.9816
6.9816
6.9824
6.9827
6.9827
6.9829
6.9829
6.9835
6.9840
6.9840
6.9844
6.9848
6.9853
6.9853
6.9853
6.9853
6.9873
6.9878
6.9878
6.9878
6.9878
6.9878
6.9878
6.9878
6.9891
6.9891
6.9897
6.9902
6.9902
6.9910
6.9910
6.9915
6.9915
6.9915
6.9915
6.9926
6.9926
6.9928
6.9934
6.9939
6.9939
6.9939
6.9939
6.9941
6.9952
6.9952
6.9952
6.9952
6.9952
6.9963
6.9971
6.9976
6.9976
6.9976
6.9989
6.9995
6.9995
7.0000
7.0000
7.0000
7.0002
7.0013
7.0013
7.0013
7.0013
7.0013
7.0013
7.0013
7.0013
7.0013
7.0028
7.0037
7.0046
7.0046
7.0046
7.0049
7.0050
7.0050
7.0050
7.0050
7.0050
7.0050
7.0050
7.0050
7.0050
7.0062
7.0062
7.0062
7.0070
7.0075
7.0075
7.0075
7.0075
7.0088
7.0088
7.0107
7.0112
7.0112
7.0112
7.0112
7.0112
7.0112
7.0118
7.0125
7.0136
7.0136
7.0136
7.0144
7.0149
7.0149
7.0149
7.0149
7.0149
7.0149
7.0149
7.0149
7.0155
7.0157
7.0162
7.0173
7.0173
7.0173
7.0186
7.0186
7.0187
7.0192
7.0197
7.0197
7.0205
7.0205
7.0205
7.0210
7.0223
7.0223
7.0223
7.0234
7.0247
7.0247
7.0254
7.0254
7.0261
7.0261
7.0272
7.0272
7.0280
7.0285
7.0285
7.0291
7.0296
7.0296
7.0309
7.0309
7.0320
7.0346
7.0346
7.0346
7.0346
7.0346
7.0346
7.0357
7.0359
7.0370
7.0370
7.0370
7.0376
7.0383
7.0383
7.0383
7.0407
7.0407
7.0418
7.0431
7.0440
7.0445
7.0445
7.0451
7.0464
7.0469
7.0469
7.0493
7.0501
7.0506
7.0506
7.0506
7.0519
7.0538
7.0543
7.0543
7.0543
7.0543
7.0556
7.0556
7.0567
7.0580
7.0580
7.0604
7.0604
7.0604
7.0617
7.0617
7.0624
7.0637
7.0642
7.0642
7.0642
7.0642
7.0655
7.0655
7.0674
7.0679
7.0679
7.0698
7.0703
7.0703
7.0716
7.0716
7.0716
7.0727
7.0727
7.0740
7.0740
7.0753
7.0764
7.0764
7.0764
7.0772
7.0788
7.0790
7.0814
7.0839
7.0839
7.0863
7.0876
7.0900
7.0913
7.0926
7.0937
7.0937
7.0950
7.0956
7.0961
7.1073
7.1086
7.1097
7.1110
7.1504
