5.1816
5.2293
5.2304
5.2355
5.2437
5.2603
5.2603
5.2603
5.2633
5.2685
5.2738
5.2768
5.2797
5.2820
5.2820
5.2850
5.2932
5.2932
5.2932
5.2932
5.2932
5.2954
5.2984
5.3014
5.3036
5.3038
5.3038
5.3067
5.3067
5.3089
5.3120
5.3120
5.3120
5.3149
5.3149
5.3149
5.3149
5.3171
5.3173
5.3173
5.3202
5.3203
5.3231
5.3231
5.3231
5.3244
5.3255
5.3255
5.3255
5.3255
5.3285
5.3285
5.3285
5.3337
5.3337
5.3337
5.3337
5.3337
5.3337
5.3367
5.3367
5.3367
5.3367
5.3367
5.3367
5.3388
5.3390
5.3390
5.3419
5.3419
5.3449
5.3449
5.3449
5.3462
5.3473
5.3473
5.3473
5.3473
5.3473
5.3502
5.3502
5.3526
5.3555
5.3555
5.3555
5.3555
5.3555
5.3555
5.3555
5.3584
5.3584
5.3584
5.3606
5.3608
5.3608
5.3608
5.3608
5.3637
5.3637
5.3637
5.3666
5.3666
5.3666
5.3666
5.3666
5.3666
5.3688
5.3690
5.3690
5.3690
5.3690
5.3719
5.3719
5.3719
5.3719
5.3719
5.3719
5.3772
5.3772
5.3772
5.3772
5.3772
5.3772
5.3772
5.3772
5.3772
5.3772
5.3772
5.3772
5.3772
5.3802
5.3802
5.3802
5.3802
5.3802
5.3802
5.3825
5.3854
5.3854
5.3854
5.3854
5.3854
5.3854
5.3854
5.3884
5.3884
5.3884
5.3884
5.3884
5.3884
5.3884
5.3907
5.3907
5.3907
5.3907
5.3907
5.3907
5.3907
5.3907
5.3907
5.3907
5.3937
5.3989
5.3989
5.3989
5.3989
5.3989
5.3989
5.3989
5.3989
5.3989
5.3989
5.3989
5.3989
5.3989
5.3989
5.3989
5.3989
5.3989
5.3989
5.3989
5.3989
5.4019
5.4043
5.4071
5.4071
5.4071
5.4071
5.4071
5.4071
5.4071
5.4071
5.4071
5.4101
5.4101
5.4101
5.4101
5.4101
5.4101
5.4101
5.4101
5.4101
5.4101
5.4101
5.4101
5.4123
5.4125
5.4125
5.4125
5.4125
5.4125
5.4125
5.4125
5.4125
5.4125
5.4125
5.4125
5.4125
5.4154
5.4207
5.4207
5.4207
5.4207
5.4207
5.4207
5.4207
5.4207
5.4207
5.4207
5.4207
5.4207
5.4207
5.4207
5.4207
5.4207
5.4207
5.4207
5.4207
5.4207
5.4207
5.4207
5.4207
5.4207
5.4207
5.4207
5.4207
5.4207
5.4207
5.4236
5.4236
5.4236
5.4236
5.4236
5.4289
5.4289
5.4289
5.4289
5.4289
5.4289
5.4289
5.4289
5.4289
5.4289
5.4289
5.4289
5.4289
5.4289
5.4289
5.4289
5.4289
5.4289
5.4289
5.4318
5.4318
5.4318
5.4318
5.4318
5.4318
5.4318
5.4318
5.4318
5.4318
5.4318
5.4342
5.4342
5.4342
5.4342
5.4342
5.4342
5.4424
5.4424
5.4424
5.4424
5.4424
5.4424
5.4424
5.4424
5.4424
5.4424
5.4424
5.4424
5.4424
5.4424
5.4424
5.4424
5.4454
5.4506
5.4506
5.4506
5.4506
5.4506
5.4506
5.4506
5.4506
5.4506
5.4506
5.4506
5.4506
5.4506
5.4506
5.4506
5.4506
5.4506
5.4506
5.4506
5.4506
5.4506
5.4506
5.4506
5.4536
5.4536
5.4536
5.4536
5.4536
5.4536
5.4536
5.4536
5.4536
5.4536
5.4559
5.4559
5.4559
5.4642
5.4642
5.4642
5.4642
5.4642
5.4642
5.4642
5.4642
5.4642
5.4642
5.4642
5.4642
5.4642
5.4642
5.4642
5.4642
5.4724
5.4724
5.4724
5.4724
5.4724
5.4724
5.4724
5.4724
5.4724
5.4724
5.4724
5.4724
5.4724
5.4724
5.4724
5.4724
5.4724
5.4724
5.4724
5.4724
5.4724
5.4724
5.4724
5.4724
5.4753
5.4753
5.4753
5.4777
5.4777
5.4859
5.4859
5.4859
5.4859
5.4859
5.4859
5.4859
5.4859
5.4859
5.4859
5.4859
5.4859
5.4941
5.4941
5.4941
5.4941
5.4941
5.4941
5.4941
5.4941
5.4941
5.4941
5.4941
5.4941
5.4941
5.4941
5.4941
5.4941
5.4941
5.4941
5.4941
5.4941
5.4941
5.4941
5.4941
5.4941
5.4941
5.4941
5.4941
5.4941
5.4941
5.4941
5.4941
5.4971
5.4971
5.4971
5.4994
5.4994
5.5076
5.5076
5.5076
5.5076
5.5076
5.5076
5.5076
5.5158
5.5158
5.5158
5.5158
5.5158
5.5158
5.5158
5.5158
5.5158
5.5188
5.5188
5.5294
5.5294
5.5294
5.5294
5.5376
5.5376
5.5376
5.5376
5.5376
5.5593
5.5593
5.5593
5.5593
5.5593
5.5593
5.5593
5.5593
5.5593
5.5811
5.5811
