6.0557
6.0860
6.0879
6.0915
6.1046
6.1098
6.1149
6.1185
6.1212
6.1218
6.1251
6.1277
6.1283
6.1334
6.1343
6.1371
6.1386
6.1418
6.1455
6.1462
6.1482
6.1489
6.1506
6.1506
6.1521
6.1529
6.1529
6.1540
6.1548
6.1573
6.1591
6.1591
6.1591
6.1605
6.1605
6.1605
6.1605
6.1623
6.1624
6.1624
6.1624
6.1642
6.1657
6.1674
6.1681
6.1693
6.1693
6.1701
6.1707
6.1726
6.1726
6.1726
6.1726
6.1739
6.1740
6.1740
6.1758
6.1759
6.1759
6.1759
6.1766
6.1774
6.1777
6.1777
6.1785
6.1785
6.1809
6.1817
6.1821
6.1825
6.1825
6.1842
6.1842
6.1854
6.1861
6.1861
6.1861
6.1861
6.1861
6.1861
6.1874
6.1876
6.1879
6.1909
6.1912
6.1912
6.1912
6.1912
6.1912
6.1912
6.1920
6.1925
6.1927
6.1927
6.1927
6.1930
6.1945
6.1945
6.1945
6.1959
6.1960
6.1963
6.1963
6.1976
6.1976
6.1976
6.1978
6.1978
6.1978
6.1996
6.1996
6.1996
6.2010
6.2011
6.2027
6.2029
6.2047
6.2047
6.2047
6.2062
6.2062
6.2062
6.2073
6.2080
6.2080
6.2088
6.2095
6.2098
6.2113
6.2113
6.2113
6.2113
6.2113
6.2113
6.2113
6.2113
6.2131
6.2131
6.2146
6.2146
6.2146
6.2146
6.2164
6.2164
6.2164
6.2164
6.2164
6.2179
6.2182
6.2182
6.2182
6.2182
6.2196
6.2197
6.2197
6.2197
6.2197
6.2215
6.2215
6.2215
6.2230
6.2230
6.2233
6.2241
6.2241
6.2248
6.2248
6.2248
6.2248
6.2248
6.2266
6.2266
6.2266
6.2266
6.2281
6.2281
6.2281
6.2299
6.2299
6.2299
6.2299
6.2317
6.2317
6.2331
6.2332
6.2332
6.2332
6.2332
6.2332
6.2332
6.2332
6.2332
6.2332
6.2340
6.2350
6.2350
6.2350
6.2350
6.2350
6.2368
6.2368
6.2382
6.2383
6.2383
6.2383
6.2395
6.2401
6.2401
6.2401
6.2401
6.2416
6.2416
6.2416
6.2416
6.2434
6.2434
6.2435
6.2435
6.2452
6.2452
6.2452
6.2452
6.2466
6.2467
6.2467
6.2467
6.2467
6.2467
6.2467
6.2467
6.2485
6.2486
6.2503
6.2503
6.2503
6.2503
6.2517
6.2518
6.2518
6.2518
6.2518
6.2518
6.2518
6.2518
6.2518
6.2518
6.2518
6.2518
6.2536
6.2537
6.2537
6.2537
6.2551
6.2568
6.2569
6.2569
6.2569
6.2569
6.2569
6.2569
6.2569
6.2569
6.2588
6.2588
6.2588
6.2588
6.2588
6.2602
6.2602
6.2602
6.2620
6.2620
6.2620
6.2620
6.2621
6.2621
6.2635
6.2639
6.2639
6.2639
6.2639
6.2653
6.2671
6.2671
6.2671
6.2671
6.2672
6.2672
6.2672
6.2672
6.2686
6.2686
6.2690
6.2690
6.2704
6.2704
6.2704
6.2722
6.2736
6.2737
6.2755
6.2755
6.2755
6.2755
6.2755
6.2755
6.2774
6.2774
6.2788
6.2788
6.2788
6.2806
6.2806
6.2806
6.2807
6.2807
6.2807
6.2807
6.2807
6.2807
6.2825
6.2839
6.2839
6.2839
6.2839
6.2839
6.2858
6.2858
6.2858
6.2873
6.2873
6.2890
6.2890
6.2890
6.2890
6.2890
6.2906
6.2909
6.2909
6.2909
6.2924
6.2924
6.2924
6.2941
6.2941
6.2941
6.2941
6.2942
6.2957
6.2960
6.2975
6.2975
6.2975
6.2975
6.2975
6.2975
6.2975
6.2975
6.2975
6.2975
6.2975
6.2993
6.2993
6.3026
6.3026
6.3026
6.3026
6.3026
6.3026
6.3026
6.3026
6.3026
6.3026
6.3041
6.3044
6.3044
6.3044
6.3059
6.3059
6.3059
6.3077
6.3077
6.3077
6.3095
6.3095
6.3095
6.3095
6.3110
6.3110
6.3110
6.3110
6.3110
6.3110
6.3110
6.3110
6.3142
6.3142
6.3161
6.3161
6.3161
6.3179
6.3194
6.3212
6.3212
6.3212
6.3230
6.3230
6.3245
6.3245
6.3245
6.3245
6.3245
6.3263
6.3263
6.3263
6.3263
6.3263
6.3281
6.3296
6.3296
6.3296
6.3328
6.3329
6.3329
6.3329
6.3347
6.3347
6.3347
6.3347
6.3347
6.3347
6.3347
6.3347
6.3347
6.3347
6.3365
6.3379
6.3380
6.3380
6.3380
6.3380
6.3431
6.3431
6.3482
6.3482
6.3500
6.3500
6.3515
6.3533
6.3566
6.3566
6.3566
6.3566
6.3566
6.3566
6.3599
6.3617
6.3617
6.3618
6.3701
6.3701
6.3752
6.3752
6.3785
6.3785
6.3836
6.3836
6.3887
6.3906
6.3938
6.3972
6.4107
6.4377
